mysql> desc sudent;
ERROR 1146 (42S02): Table 'siva.sudent' doesn't exist
mysql> desc student;
+--------+----------+------+-----+---------+-------+
| Field  | Type     | Null | Key | Default | Extra |
+--------+----------+------+-----+---------+-------+
| regno  | int(3)   | YES  |     | NULL    |       |
| name   | char(15) | YES  |     | NULL    |       |
| gender | char(1)  | YES  |     | NULL    |       |
| dob    | int(10)  | YES  |     | NULL    |       |
| mobno  | int(10)  | YES  |     | NULL    |       |
| city   | char(10) | NO   | PRI |         |       |
+--------+----------+------+-----+---------+-------+
6 rows in set (0.03 sec)

mysql> desc faculty;
+----------+----------+------+-----+---------+-------+
| Field    | Type     | Null | Key | Default | Extra |
+----------+----------+------+-----+---------+-------+
| facno    | int(3)   | YES  |     | NULL    |       |
| facname  | char(15) | YES  |     | NULL    |       |
| gender   | char(1)  | YES  |     | NULL    |       |
| Dob      | int(10)  | YES  |     | NULL    |       |
| mobileno | int(10)  | YES  |     | NULL    |       |
| Doj      | int(10)  | YES  |     | NULL    |       |
| dept     | char(10) | YES  |     | NULL    |       |
+----------+----------+------+-----+---------+-------+
7 rows in set (0.01 sec)

mysql> desc department;
+----------+----------+------+-----+---------+-------+
| Field    | Type     | Null | Key | Default | Extra |
+----------+----------+------+-----+---------+-------+
| deptno   | int(10)  | NO   | PRI | 0       |       |
| deptname | char(10) | YES  |     | NULL    |       |
| depthead | char(10) | YES  |     | NULL    |       |
+----------+----------+------+-----+---------+-------+
3 rows in set (0.02 sec)

mysql> desc course
    -> ;
+------------+----------+------+-----+---------+-------+
| Field      | Type     | Null | Key | Default | Extra |
+------------+----------+------+-----+---------+-------+
| courseno   | int(3)   | YES  |     | NULL    |       |
| coursedesc | char(15) | YES  |     | NULL    |       |
| coursetype | char(1)  | YES  |     | NULL    |       |
| semno      | int(10)  | YES  |     | NULL    |       |
| hallno     | int(10)  | YES  |     | NULL    |       |
| facno      | int(10)  | YES  |     | NULL    |       |
+------------+----------+------+-----+---------+-------+
6 rows in set (0.02 sec)
